Starting site build...

> stuart-site@0.1.0 build
> next build

⚠ No build cache found. Please configure build caching for faster rebuilds. Read more: https://nextjs.org/docs/messages/no-cache
Attention: Next.js now collects completely anonymous telemetry regarding usage.
This information is used to shape Next.js' roadmap and prioritize features.
You can learn more, including how to opt-out if you'd not like to participate in this anonymous program, by visiting the following URL:
https://nextjs.org/telemetry

▲ Next.js 16.1.3 (Turbopack)

  Creating an optimized production build ...
✓ Compiled successfully in 4.4s
  Running TypeScript ...
  Collecting page data using 3 workers ...
  Generating static pages using 3 workers (0/10) ...
  Generating static pages using 3 workers (2/10) 
  Generating static pages using 3 workers (4/10) 
  Generating static pages using 3 workers (7/10) 
✓ Generating static pages using 3 workers (10/10) in 239.8ms
  Finalizing page optimization ...

Route (app)
┌ ○ /
├ ○ /_not-found
├ ○ /about
├ ○ /contact
├ ○ /media
├ ○ /snowboard
├ ○ /sport
└ ○ /work


○  (Static)  prerendered as static content

Build passed!
