Starting Google Drive sync...
Using keyring backend: keyring
Using keyring backend: keyring
Using keyring backend: keyring
Using keyring backend: keyring
Using keyring backend: keyring
{
  "bytes": 285566,
  "mimeType": "image/jpeg",
  "saved_file": "/home/runner/work/personal_website/personal_website/temp_media/PitchUp competition - VentureFest 2026/4c7e6c7d-558a-4a16-be6a-1f977b9bb759.jpg",
  "status": "success"
}
Downloaded 4c7e6c7d-558a-4a16-be6a-1f977b9bb759.jpg to PitchUp competition - VentureFest 2026/4c7e6c7d-558a-4a16-be6a-1f977b9bb759.jpg
Using keyring backend: keyring
{
  "bytes": 363725,
  "mimeType": "image/jpeg",
  "saved_file": "/home/runner/work/personal_website/personal_website/temp_media/PitchUp competition - VentureFest 2026/6cd19684-2df2-4516-9ef5-0fb096a5b283.jpg",
  "status": "success"
}
Downloaded 6cd19684-2df2-4516-9ef5-0fb096a5b283.jpg to PitchUp competition - VentureFest 2026/6cd19684-2df2-4516-9ef5-0fb096a5b283.jpg
Wrote manifest to /home/runner/work/personal_website/personal_website/temp_media/manifest.json
Successfully downloaded 2 files to ./temp_media
